Archive member included to satisfy reference by file (symbol)

.\CortexM0\ARM_GCC_541\Debug\UARTReverse.a(UART.o)
                              .\CortexM0\ARM_GCC_541\Debug\main.o (UART_Start)
.\CortexM0\ARM_GCC_541\Debug\UARTReverse.a(UART_IntClock.o)
                              .\CortexM0\ARM_GCC_541\Debug\UARTReverse.a(UART.o) (UART_IntClock_Start)
.\CortexM0\ARM_GCC_541\Debug\UARTReverse.a(CyLib.o)
                              .\CortexM0\ARM_GCC_541\Debug\cyfitter_cfg.o (CySysClkWriteImoFreq)
.\CortexM0\ARM_GCC_541\Debug\UARTReverse.a(CyLFClk.o)
                              .\CortexM0\ARM_GCC_541\Debug\cyfitter_cfg.o (CySysWdtIsr)
.\CortexM0\ARM_GCC_541\Debug\UARTReverse.a(CyBootAsmGnu.o)
                              .\CortexM0\ARM_GCC_541\Debug\UARTReverse.a(CyLib.o) (CyDelayCycles)
c:/program files (x86)/cypress/psoc creator/4.2/psoc creator/import/gnu/arm/5.4.1/bin/../lib/gcc/arm-none-eabi/5.4.1/armv6-m\libgcc.a(_udivsi3.o)
                              .\CortexM0\ARM_GCC_541\Debug\UARTReverse.a(CyLib.o) (__aeabi_uidiv)
c:/program files (x86)/cypress/psoc creator/4.2/psoc creator/import/gnu/arm/5.4.1/bin/../lib/gcc/arm-none-eabi/5.4.1/armv6-m\libgcc.a(_dvmd_tls.o)
                              c:/program files (x86)/cypress/psoc creator/4.2/psoc creator/import/gnu/arm/5.4.1/bin/../lib/gcc/arm-none-eabi/5.4.1/armv6-m\libgcc.a(_udivsi3.o) (__aeabi_idiv0)
c:/program files (x86)/cypress/psoc creator/4.2/psoc creator/import/gnu/arm/5.4.1/bin/../lib/gcc/arm-none-eabi/5.4.1/../../../../arm-none-eabi/lib/armv6-m\libg_nano.a(lib_a-errno.o)
                              .\CortexM0\ARM_GCC_541\Debug\Cm0Start.o (__errno)
c:/program files (x86)/cypress/psoc creator/4.2/psoc creator/import/gnu/arm/5.4.1/bin/../lib/gcc/arm-none-eabi/5.4.1/../../../../arm-none-eabi/lib/armv6-m\libg_nano.a(lib_a-exit.o)
                              c:/program files (x86)/cypress/psoc creator/4.2/psoc creator/import/gnu/arm/5.4.1/bin/../lib/gcc/arm-none-eabi/5.4.1/../../../../arm-none-eabi/lib/armv6-m/crt0.o (exit)
c:/program files (x86)/cypress/psoc creator/4.2/psoc creator/import/gnu/arm/5.4.1/bin/../lib/gcc/arm-none-eabi/5.4.1/../../../../arm-none-eabi/lib/armv6-m\libg_nano.a(lib_a-impure.o)
                              c:/program files (x86)/cypress/psoc creator/4.2/psoc creator/import/gnu/arm/5.4.1/bin/../lib/gcc/arm-none-eabi/5.4.1/../../../../arm-none-eabi/lib/armv6-m\libg_nano.a(lib_a-exit.o) (_global_impure_ptr)
c:/program files (x86)/cypress/psoc creator/4.2/psoc creator/import/gnu/arm/5.4.1/bin/../lib/gcc/arm-none-eabi/5.4.1/../../../../arm-none-eabi/lib/armv6-m\libg_nano.a(lib_a-init.o)
                              c:/program files (x86)/cypress/psoc creator/4.2/psoc creator/import/gnu/arm/5.4.1/bin/../lib/gcc/arm-none-eabi/5.4.1/../../../../arm-none-eabi/lib/armv6-m/crt0.o (__libc_init_array)
c:/program files (x86)/cypress/psoc creator/4.2/psoc creator/import/gnu/arm/5.4.1/bin/../lib/gcc/arm-none-eabi/5.4.1/../../../../arm-none-eabi/lib/armv6-m\libg_nano.a(lib_a-memcpy-stub.o)
                              .\CortexM0\ARM_GCC_541\Debug\main.o (memcpy)
c:/program files (x86)/cypress/psoc creator/4.2/psoc creator/import/gnu/arm/5.4.1/bin/../lib/gcc/arm-none-eabi/5.4.1/../../../../arm-none-eabi/lib/armv6-m\libg_nano.a(lib_a-memset.o)
                              c:/program files (x86)/cypress/psoc creator/4.2/psoc creator/import/gnu/arm/5.4.1/bin/../lib/gcc/arm-none-eabi/5.4.1/../../../../arm-none-eabi/lib/armv6-m/crt0.o (memset)

Discarded input sections

 .text          0x00000000        0x0 c:/program files (x86)/cypress/psoc creator/4.2/psoc creator/import/gnu/arm/5.4.1/bin/../lib/gcc/arm-none-eabi/5.4.1/armv6-m/crti.o
 .data          0x00000000        0x0 c:/program files (x86)/cypress/psoc creator/4.2/psoc creator/import/gnu/arm/5.4.1/bin/../lib/gcc/arm-none-eabi/5.4.1/armv6-m/crti.o
 .bss           0x00000000        0x0 c:/program files (x86)/cypress/psoc creator/4.2/psoc creator/import/gnu/arm/5.4.1/bin/../lib/gcc/arm-none-eabi/5.4.1/armv6-m/crti.o
 .data          0x00000000        0x4 c:/program files (x86)/cypress/psoc creator/4.2/psoc creator/import/gnu/arm/5.4.1/bin/../lib/gcc/arm-none-eabi/5.4.1/armv6-m/crtbegin.o
 .text          0x00000000       0x78 c:/program files (x86)/cypress/psoc creator/4.2/psoc creator/import/gnu/arm/5.4.1/bin/../lib/gcc/arm-none-eabi/5.4.1/../../../../arm-none-eabi/lib/armv6-m/crt0.o
 .data          0x00000000        0x0 c:/program files (x86)/cypress/psoc creator/4.2/psoc creator/import/gnu/arm/5.4.1/bin/../lib/gcc/arm-none-eabi/5.4.1/../../../../arm-none-eabi/lib/armv6-m/crt0.o
 .bss           0x00000000        0x0 c:/program files (x86)/cypress/psoc creator/4.2/psoc creator/import/gnu/arm/5.4.1/bin/../lib/gcc/arm-none-eabi/5.4.1/../../../../arm-none-eabi/lib/armv6-m/crt0.o
 .ARM.extab     0x00000000        0x0 c:/program files (x86)/cypress/psoc creator/4.2/psoc creator/import/gnu/arm/5.4.1/bin/../lib/gcc/arm-none-eabi/5.4.1/../../../../arm-none-eabi/lib/armv6-m/crt0.o
 .ARM.exidx     0x00000000        0x8 c:/program files (x86)/cypress/psoc creator/4.2/psoc creator/import/gnu/arm/5.4.1/bin/../lib/gcc/arm-none-eabi/5.4.1/../../../../arm-none-eabi/lib/armv6-m/crt0.o
 .text          0x00000000        0x0 .\CortexM0\ARM_GCC_541\Debug\main.o
 .data          0x00000000        0x0 .\CortexM0\ARM_GCC_541\Debug\main.o
 .bss           0x00000000        0x0 .\CortexM0\ARM_GCC_541\Debug\main.o
 .text          0x00000000        0x0 .\CortexM0\ARM_GCC_541\Debug\cyfitter_cfg.o
 .data          0x00000000        0x0 .\CortexM0\ARM_GCC_541\Debug\cyfitter_cfg.o
 .bss           0x00000000        0x0 .\CortexM0\ARM_GCC_541\Debug\cyfitter_cfg.o
 .text.CYCONFIGCPY
                0x00000000       0x20 .\CortexM0\ARM_GCC_541\Debug\cyfitter_cfg.o
 .text          0x00000000        0x0 .\CortexM0\ARM_GCC_541\Debug\cymetadata.o
 .data          0x00000000        0x0 .\CortexM0\ARM_GCC_541\Debug\cymetadata.o
 .bss           0x00000000        0x0 .\CortexM0\ARM_GCC_541\Debug\cymetadata.o
 .text          0x00000000        0x0 .\CortexM0\ARM_GCC_541\Debug\Cm0Start.o
 .data          0x00000000        0x4 .\CortexM0\ARM_GCC_541\Debug\Cm0Start.o
 .bss           0x00000000        0x0 .\CortexM0\ARM_GCC_541\Debug\Cm0Start.o
 .text._exit    0x00000000       0x14 .\CortexM0\ARM_GCC_541\Debug\Cm0Start.o
 .text._sbrk    0x00000000       0x50 .\CortexM0\ARM_GCC_541\Debug\Cm0Start.o
 .text          0x00000000        0x0 .\CortexM0\ARM_GCC_541\Debug\UARTReverse.a(UART.o)
 .data          0x00000000        0x0 .\CortexM0\ARM_GCC_541\Debug\UARTReverse.a(UART.o)
 .text.UART_Stop
                0x00000000       0x64 .\CortexM0\ARM_GCC_541\Debug\UARTReverse.a(UART.o)
 .text.UART_ReadControlRegister
                0x00000000        0xc .\CortexM0\ARM_GCC_541\Debug\UARTReverse.a(UART.o)
 .text.UART_WriteControlRegister
                0x00000000       0x14 .\CortexM0\ARM_GCC_541\Debug\UARTReverse.a(UART.o)
 .text.UART_SetRxInterruptMode
                0x00000000       0x20 .\CortexM0\ARM_GCC_541\Debug\UARTReverse.a(UART.o)
 .text.UART_GetChar
                0x00000000       0x4c .\CortexM0\ARM_GCC_541\Debug\UARTReverse.a(UART.o)
 .text.UART_ClearRxBuffer
                0x00000000       0x48 .\CortexM0\ARM_GCC_541\Debug\UARTReverse.a(UART.o)
 .text.UART_SetRxAddressMode
                0x00000000       0x14 .\CortexM0\ARM_GCC_541\Debug\UARTReverse.a(UART.o)
 .text.UART_SetRxAddress1
                0x00000000       0x20 .\CortexM0\ARM_GCC_541\Debug\UARTReverse.a(UART.o)
 .text.UART_SetRxAddress2
                0x00000000       0x20 .\CortexM0\ARM_GCC_541\Debug\UARTReverse.a(UART.o)
 .text.UART_SetTxInterruptMode
                0x00000000       0x20 .\CortexM0\ARM_GCC_541\Debug\UARTReverse.a(UART.o)
 .text.UART_WriteTxData
                0x00000000       0x2c .\CortexM0\ARM_GCC_541\Debug\UARTReverse.a(UART.o)
 .text.UART_ReadTxStatus
                0x00000000       0x14 .\CortexM0\ARM_GCC_541\Debug\UARTReverse.a(UART.o)
 .text.UART_PutArray
                0x00000000       0x5c .\CortexM0\ARM_GCC_541\Debug\UARTReverse.a(UART.o)
 .text.UART_PutCRLF
                0x00000000       0x38 .\CortexM0\ARM_GCC_541\Debug\UARTReverse.a(UART.o)
 .text.UART_GetTxBufferSize
                0x00000000       0x48 .\CortexM0\ARM_GCC_541\Debug\UARTReverse.a(UART.o)
 .text.UART_ClearTxBuffer
                0x00000000       0x48 .\CortexM0\ARM_GCC_541\Debug\UARTReverse.a(UART.o)
 .text.UART_SendBreak
                0x00000000       0xb8 .\CortexM0\ARM_GCC_541\Debug\UARTReverse.a(UART.o)
 .text.UART_SetTxAddressMode
                0x00000000       0x14 .\CortexM0\ARM_GCC_541\Debug\UARTReverse.a(UART.o)
 .text          0x00000000        0x0 .\CortexM0\ARM_GCC_541\Debug\UARTReverse.a(UART_IntClock.o)
 .data          0x00000000        0x0 .\CortexM0\ARM_GCC_541\Debug\UARTReverse.a(UART_IntClock.o)
 .bss           0x00000000        0x0 .\CortexM0\ARM_GCC_541\Debug\UARTReverse.a(UART_IntClock.o)
 .text.UART_IntClock_Stop
                0x00000000       0x1c .\CortexM0\ARM_GCC_541\Debug\UARTReverse.a(UART_IntClock.o)
 .text.UART_IntClock_SetFractionalDividerRegister
                0x00000000       0x38 .\CortexM0\ARM_GCC_541\Debug\UARTReverse.a(UART_IntClock.o)
 .text.UART_IntClock_GetDividerRegister
                0x00000000       0x14 .\CortexM0\ARM_GCC_541\Debug\UARTReverse.a(UART_IntClock.o)
 .text.UART_IntClock_GetFractionalDividerRegister
                0x00000000        0xc .\CortexM0\ARM_GCC_541\Debug\UARTReverse.a(UART_IntClock.o)
 .text          0x00000000        0x0 .\CortexM0\ARM_GCC_541\Debug\UARTReverse.a(CyLib.o)
 .bss           0x00000000       0x18 .\CortexM0\ARM_GCC_541\Debug\UARTReverse.a(CyLib.o)
 .text.CySysClkImoStart
                0x00000000       0x1c .\CortexM0\ARM_GCC_541\Debug\UARTReverse.a(CyLib.o)
 .text.CySysClkImoStop
                0x00000000       0x1c .\CortexM0\ARM_GCC_541\Debug\UARTReverse.a(CyLib.o)
 .text.CySysClkWriteHfclkDirect
                0x00000000       0x48 .\CortexM0\ARM_GCC_541\Debug\UARTReverse.a(CyLib.o)
 .text.CySysEnablePumpClock
                0x00000000       0x50 .\CortexM0\ARM_GCC_541\Debug\UARTReverse.a(CyLib.o)
 .text.CySysClkGetSysclkSource
                0x00000000       0x34 .\CortexM0\ARM_GCC_541\Debug\UARTReverse.a(CyLib.o)
 .text.CySysClkWriteSysclkDiv
                0x00000000       0x48 .\CortexM0\ARM_GCC_541\Debug\UARTReverse.a(CyLib.o)
 .text.CySysLvdEnable
                0x00000000       0x64 .\CortexM0\ARM_GCC_541\Debug\UARTReverse.a(CyLib.o)
 .text.CySysLvdDisable
                0x00000000       0x2c .\CortexM0\ARM_GCC_541\Debug\UARTReverse.a(CyLib.o)
 .text.CySysLvdGetInterruptSource
                0x00000000       0x18 .\CortexM0\ARM_GCC_541\Debug\UARTReverse.a(CyLib.o)
 .text.CySysLvdClearInterrupt
                0x00000000       0x14 .\CortexM0\ARM_GCC_541\Debug\UARTReverse.a(CyLib.o)
 .text.CySysGetResetReason
                0x00000000       0x30 .\CortexM0\ARM_GCC_541\Debug\UARTReverse.a(CyLib.o)
 .text.CyDisableInts
                0x00000000       0x24 .\CortexM0\ARM_GCC_541\Debug\UARTReverse.a(CyLib.o)
 .text.CyEnableInts
                0x00000000       0x1c .\CortexM0\ARM_GCC_541\Debug\UARTReverse.a(CyLib.o)
 .text.CyIntSetSysVector
                0x00000000       0x48 .\CortexM0\ARM_GCC_541\Debug\UARTReverse.a(CyLib.o)
 .text.CyIntGetSysVector
                0x00000000       0x34 .\CortexM0\ARM_GCC_541\Debug\UARTReverse.a(CyLib.o)
 .text.CyIntGetVector
                0x00000000       0x38 .\CortexM0\ARM_GCC_541\Debug\UARTReverse.a(CyLib.o)
 .text.CyIntSetPriority
                0x00000000       0xa8 .\CortexM0\ARM_GCC_541\Debug\UARTReverse.a(CyLib.o)
 .text.CyIntGetPriority
                0x00000000       0x58 .\CortexM0\ARM_GCC_541\Debug\UARTReverse.a(CyLib.o)
 .text.CyIntGetState
                0x00000000       0x30 .\CortexM0\ARM_GCC_541\Debug\UARTReverse.a(CyLib.o)
 .text.CyIntDisable
                0x00000000       0x2c .\CortexM0\ARM_GCC_541\Debug\UARTReverse.a(CyLib.o)
 .text.CyIntSetPending
                0x00000000       0x2c .\CortexM0\ARM_GCC_541\Debug\UARTReverse.a(CyLib.o)
 .text.CyIntClearPending
                0x00000000       0x2c .\CortexM0\ARM_GCC_541\Debug\UARTReverse.a(CyLib.o)
 .text.CySoftwareReset
                0x00000000       0x24 .\CortexM0\ARM_GCC_541\Debug\UARTReverse.a(CyLib.o)
 .text.CyDelay  0x00000000       0x4c .\CortexM0\ARM_GCC_541\Debug\UARTReverse.a(CyLib.o)
 .text.CyDelayFreq
                0x00000000       0x84 .\CortexM0\ARM_GCC_541\Debug\UARTReverse.a(CyLib.o)
 .text.CySysTickStart
                0x00000000       0x24 .\CortexM0\ARM_GCC_541\Debug\UARTReverse.a(CyLib.o)
 .text.CySysTickInit
                0x00000000       0x5c .\CortexM0\ARM_GCC_541\Debug\UARTReverse.a(CyLib.o)
 .text.CySysTickEnable
                0x00000000       0x20 .\CortexM0\ARM_GCC_541\Debug\UARTReverse.a(CyLib.o)
 .text.CySysTickStop
                0x00000000       0x1c .\CortexM0\ARM_GCC_541\Debug\UARTReverse.a(CyLib.o)
 .text.CySysTickEnableInterrupt
                0x00000000       0x1c .\CortexM0\ARM_GCC_541\Debug\UARTReverse.a(CyLib.o)
 .text.CySysTickDisableInterrupt
                0x00000000       0x1c .\CortexM0\ARM_GCC_541\Debug\UARTReverse.a(CyLib.o)
 .text.CySysTickSetReload
                0x00000000       0x20 .\CortexM0\ARM_GCC_541\Debug\UARTReverse.a(CyLib.o)
 .text.CySysTickGetReload
                0x00000000       0x18 .\CortexM0\ARM_GCC_541\Debug\UARTReverse.a(CyLib.o)
 .text.CySysTickGetValue
                0x00000000       0x18 .\CortexM0\ARM_GCC_541\Debug\UARTReverse.a(CyLib.o)
 .text.CySysTickGetCountFlag
                0x00000000       0x18 .\CortexM0\ARM_GCC_541\Debug\UARTReverse.a(CyLib.o)
 .text.CySysTickClear
                0x00000000       0x14 .\CortexM0\ARM_GCC_541\Debug\UARTReverse.a(CyLib.o)
 .text.CySysTickSetCallback
                0x00000000       0x2c .\CortexM0\ARM_GCC_541\Debug\UARTReverse.a(CyLib.o)
 .text.CySysTickGetCallback
                0x00000000       0x1c .\CortexM0\ARM_GCC_541\Debug\UARTReverse.a(CyLib.o)
 .text.CySysTickServiceCallbacks
                0x00000000       0x44 .\CortexM0\ARM_GCC_541\Debug\UARTReverse.a(CyLib.o)
 .text.CyGetUniqueId
                0x00000000       0xc0 .\CortexM0\ARM_GCC_541\Debug\UARTReverse.a(CyLib.o)
 .text          0x00000000        0x0 .\CortexM0\ARM_GCC_541\Debug\UARTReverse.a(CyLFClk.o)
 .rodata        0x00000000        0xc .\CortexM0\ARM_GCC_541\Debug\UARTReverse.a(CyLFClk.o)
 .text.CySysClkIloStart
                0x00000000       0x1c .\CortexM0\ARM_GCC_541\Debug\UARTReverse.a(CyLFClk.o)
 .text.CySysClkIloStop
                0x00000000       0x4c .\CortexM0\ARM_GCC_541\Debug\UARTReverse.a(CyLFClk.o)
 .text.CySysClkIloStartMeasurement
                0x00000000       0x40 .\CortexM0\ARM_GCC_541\Debug\UARTReverse.a(CyLFClk.o)
 .text.CySysClkIloStopMeasurement
                0x00000000       0x20 .\CortexM0\ARM_GCC_541\Debug\UARTReverse.a(CyLFClk.o)
 .text.CySysClkIloCompensate
                0x00000000      0x158 .\CortexM0\ARM_GCC_541\Debug\UARTReverse.a(CyLFClk.o)
 .text.CySysClkIloEnabled
                0x00000000       0x1c .\CortexM0\ARM_GCC_541\Debug\UARTReverse.a(CyLFClk.o)
 .text.CySysWdtGetEnabledStatus
                0x00000000       0x34 .\CortexM0\ARM_GCC_541\Debug\UARTReverse.a(CyLFClk.o)
 .text.CySysWdtSetMode
                0x00000000       0x5c .\CortexM0\ARM_GCC_541\Debug\UARTReverse.a(CyLFClk.o)
 .text.CySysWdtGetMode
                0x00000000       0x24 .\CortexM0\ARM_GCC_541\Debug\UARTReverse.a(CyLFClk.o)
 .text.CySysWdtSetClearOnMatch
                0x00000000       0x6c .\CortexM0\ARM_GCC_541\Debug\UARTReverse.a(CyLFClk.o)
 .text.CySysWdtGetClearOnMatch
                0x00000000       0x44 .\CortexM0\ARM_GCC_541\Debug\UARTReverse.a(CyLFClk.o)
 .text.CySysWdtEnable
                0x00000000       0x64 .\CortexM0\ARM_GCC_541\Debug\UARTReverse.a(CyLFClk.o)
 .text.CySysWdtDisable
                0x00000000       0x6c .\CortexM0\ARM_GCC_541\Debug\UARTReverse.a(CyLFClk.o)
 .text.CySysWdtSetCascade
                0x00000000       0x58 .\CortexM0\ARM_GCC_541\Debug\UARTReverse.a(CyLFClk.o)
 .text.CySysWdtGetCascade
                0x00000000       0x1c .\CortexM0\ARM_GCC_541\Debug\UARTReverse.a(CyLFClk.o)
 .text.CySysWdtSetMatch
                0x00000000       0x6c .\CortexM0\ARM_GCC_541\Debug\UARTReverse.a(CyLFClk.o)
 .text.CySysWdtSetToggleBit
                0x00000000       0x48 .\CortexM0\ARM_GCC_541\Debug\UARTReverse.a(CyLFClk.o)
 .text.CySysWdtGetToggleBit
                0x00000000       0x18 .\CortexM0\ARM_GCC_541\Debug\UARTReverse.a(CyLFClk.o)
 .text.CySysWdtGetMatch
                0x00000000       0x40 .\CortexM0\ARM_GCC_541\Debug\UARTReverse.a(CyLFClk.o)
 .text.CySysWdtGetCount
                0x00000000       0x54 .\CortexM0\ARM_GCC_541\Debug\UARTReverse.a(CyLFClk.o)
 .text.CySysWdtGetInterruptSource
                0x00000000       0x1c .\CortexM0\ARM_GCC_541\Debug\UARTReverse.a(CyLFClk.o)
 .text.CySysWdtResetCounters
                0x00000000       0x34 .\CortexM0\ARM_GCC_541\Debug\UARTReverse.a(CyLFClk.o)
 .text.CySysWdtSetInterruptCallback
                0x00000000       0x40 .\CortexM0\ARM_GCC_541\Debug\UARTReverse.a(CyLFClk.o)
 .text.CySysWdtGetInterruptCallback
                0x00000000       0x34 .\CortexM0\ARM_GCC_541\Debug\UARTReverse.a(CyLFClk.o)
 .text.CySysWdtEnableCounterIsr
                0x00000000       0x50 .\CortexM0\ARM_GCC_541\Debug\UARTReverse.a(CyLFClk.o)
 .text.CySysWdtDisableCounterIsr
                0x00000000       0x3c .\CortexM0\ARM_GCC_541\Debug\UARTReverse.a(CyLFClk.o)
 .text.CySysWatchdogFeed
                0x00000000       0x8c .\CortexM0\ARM_GCC_541\Debug\UARTReverse.a(CyLFClk.o)
 .text.CySysClkLfclkPosedgeCatch
                0x00000000       0x98 .\CortexM0\ARM_GCC_541\Debug\UARTReverse.a(CyLFClk.o)
 .text.CySysClkLfclkPosedgeRestore
                0x00000000       0x3c .\CortexM0\ARM_GCC_541\Debug\UARTReverse.a(CyLFClk.o)
 .text.CySysTimerDelay
                0x00000000       0x68 .\CortexM0\ARM_GCC_541\Debug\UARTReverse.a(CyLFClk.o)
 .text.CySysTimerDelayUntilMatch
                0x00000000       0xb0 .\CortexM0\ARM_GCC_541\Debug\UARTReverse.a(CyLFClk.o)
 .data          0x00000000        0x0 .\CortexM0\ARM_GCC_541\Debug\UARTReverse.a(CyBootAsmGnu.o)
 .bss           0x00000000        0x0 .\CortexM0\ARM_GCC_541\Debug\UARTReverse.a(CyBootAsmGnu.o)
 .text          0x00000000      0x114 c:/program files (x86)/cypress/psoc creator/4.2/psoc creator/import/gnu/arm/5.4.1/bin/../lib/gcc/arm-none-eabi/5.4.1/armv6-m\libgcc.a(_udivsi3.o)
 .data          0x00000000        0x0 c:/program files (x86)/cypress/psoc creator/4.2/psoc creator/import/gnu/arm/5.4.1/bin/../lib/gcc/arm-none-eabi/5.4.1/armv6-m\libgcc.a(_udivsi3.o)
 .bss           0x00000000        0x0 c:/program files (x86)/cypress/psoc creator/4.2/psoc creator/import/gnu/arm/5.4.1/bin/../lib/gcc/arm-none-eabi/5.4.1/armv6-m\libgcc.a(_udivsi3.o)
 .text          0x00000000        0x4 c:/program files (x86)/cypress/psoc creator/4.2/psoc creator/import/gnu/arm/5.4.1/bin/../lib/gcc/arm-none-eabi/5.4.1/armv6-m\libgcc.a(_dvmd_tls.o)
 .data          0x00000000        0x0 c:/program files (x86)/cypress/psoc creator/4.2/psoc creator/import/gnu/arm/5.4.1/bin/../lib/gcc/arm-none-eabi/5.4.1/armv6-m\libgcc.a(_dvmd_tls.o)
 .bss           0x00000000        0x0 c:/program files (x86)/cypress/psoc creator/4.2/psoc creator/import/gnu/arm/5.4.1/bin/../lib/gcc/arm-none-eabi/5.4.1/armv6-m\libgcc.a(_dvmd_tls.o)
 .text          0x00000000        0x0 c:/program files (x86)/cypress/psoc creator/4.2/psoc creator/import/gnu/arm/5.4.1/bin/../lib/gcc/arm-none-eabi/5.4.1/../../../../arm-none-eabi/lib/armv6-m\libg_nano.a(lib_a-errno.o)
 .data          0x00000000        0x0 c:/program files (x86)/cypress/psoc creator/4.2/psoc creator/import/gnu/arm/5.4.1/bin/../lib/gcc/arm-none-eabi/5.4.1/../../../../arm-none-eabi/lib/armv6-m\libg_nano.a(lib_a-errno.o)
 .bss           0x00000000        0x0 c:/program files (x86)/cypress/psoc creator/4.2/psoc creator/import/gnu/arm/5.4.1/bin/../lib/gcc/arm-none-eabi/5.4.1/../../../../arm-none-eabi/lib/armv6-m\libg_nano.a(lib_a-errno.o)
 .text          0x00000000        0x0 c:/program files (x86)/cypress/psoc creator/4.2/psoc creator/import/gnu/arm/5.4.1/bin/../lib/gcc/arm-none-eabi/5.4.1/../../../../arm-none-eabi/lib/armv6-m\libg_nano.a(lib_a-exit.o)
 .data          0x00000000        0x0 c:/program files (x86)/cypress/psoc creator/4.2/psoc creator/import/gnu/arm/5.4.1/bin/../lib/gcc/arm-none-eabi/5.4.1/../../../../arm-none-eabi/lib/armv6-m\libg_nano.a(lib_a-exit.o)
 .bss           0x00000000        0x0 c:/program files (x86)/cypress/psoc creator/4.2/psoc creator/import/gnu/arm/5.4.1/bin/../lib/gcc/arm-none-eabi/5.4.1/../../../../arm-none-eabi/lib/armv6-m\libg_nano.a(lib_a-exit.o)
 .text.exit     0x00000000       0x2c c:/program files (x86)/cypress/psoc creator/4.2/psoc creator/import/gnu/arm/5.4.1/bin/../lib/gcc/arm-none-eabi/5.4.1/../../../../arm-none-eabi/lib/armv6-m\libg_nano.a(lib_a-exit.o)
 .text          0x00000000        0x0 c:/program files (x86)/cypress/psoc creator/4.2/psoc creator/import/gnu/arm/5.4.1/bin/../lib/gcc/arm-none-eabi/5.4.1/../../../../arm-none-eabi/lib/armv6-m\libg_nano.a(lib_a-impure.o)
 .data          0x00000000        0x0 c:/program files (x86)/cypress/psoc creator/4.2/psoc creator/import/gnu/arm/5.4.1/bin/../lib/gcc/arm-none-eabi/5.4.1/../../../../arm-none-eabi/lib/armv6-m\libg_nano.a(lib_a-impure.o)
 .bss           0x00000000        0x0 c:/program files (x86)/cypress/psoc creator/4.2/psoc creator/import/gnu/arm/5.4.1/bin/../lib/gcc/arm-none-eabi/5.4.1/../../../../arm-none-eabi/lib/armv6-m\libg_nano.a(lib_a-impure.o)
 .rodata._global_impure_ptr
                0x00000000        0x4 c:/program files (x86)/cypress/psoc creator/4.2/psoc creator/import/gnu/arm/5.4.1/bin/../lib/gcc/arm-none-eabi/5.4.1/../../../../arm-none-eabi/lib/armv6-m\libg_nano.a(lib_a-impure.o)
 .text          0x00000000        0x0 c:/program files (x86)/cypress/psoc creator/4.2/psoc creator/import/gnu/arm/5.4.1/bin/../lib/gcc/arm-none-eabi/5.4.1/../../../../arm-none-eabi/lib/armv6-m\libg_nano.a(lib_a-init.o)
 .data          0x00000000        0x0 c:/program files (x86)/cypress/psoc creator/4.2/psoc creator/import/gnu/arm/5.4.1/bin/../lib/gcc/arm-none-eabi/5.4.1/../../../../arm-none-eabi/lib/armv6-m\libg_nano.a(lib_a-init.o)
 .bss           0x00000000        0x0 c:/program files (x86)/cypress/psoc creator/4.2/psoc creator/import/gnu/arm/5.4.1/bin/../lib/gcc/arm-none-eabi/5.4.1/../../../../arm-none-eabi/lib/armv6-m\libg_nano.a(lib_a-init.o)
 .text          0x00000000        0x0 c:/program files (x86)/cypress/psoc creator/4.2/psoc creator/import/gnu/arm/5.4.1/bin/../lib/gcc/arm-none-eabi/5.4.1/../../../../arm-none-eabi/lib/armv6-m\libg_nano.a(lib_a-memcpy-stub.o)
 .data          0x00000000        0x0 c:/program files (x86)/cypress/psoc creator/4.2/psoc creator/import/gnu/arm/5.4.1/bin/../lib/gcc/arm-none-eabi/5.4.1/../../../../arm-none-eabi/lib/armv6-m\libg_nano.a(lib_a-memcpy-stub.o)
 .bss           0x00000000        0x0 c:/program files (x86)/cypress/psoc creator/4.2/psoc creator/import/gnu/arm/5.4.1/bin/../lib/gcc/arm-none-eabi/5.4.1/../../../../arm-none-eabi/lib/armv6-m\libg_nano.a(lib_a-memcpy-stub.o)
 .text          0x00000000        0x0 c:/program files (x86)/cypress/psoc creator/4.2/psoc creator/import/gnu/arm/5.4.1/bin/../lib/gcc/arm-none-eabi/5.4.1/../../../../arm-none-eabi/lib/armv6-m\libg_nano.a(lib_a-memset.o)
 .data          0x00000000        0x0 c:/program files (x86)/cypress/psoc creator/4.2/psoc creator/import/gnu/arm/5.4.1/bin/../lib/gcc/arm-none-eabi/5.4.1/../../../../arm-none-eabi/lib/armv6-m\libg_nano.a(lib_a-memset.o)
 .bss           0x00000000        0x0 c:/program files (x86)/cypress/psoc creator/4.2/psoc creator/import/gnu/arm/5.4.1/bin/../lib/gcc/arm-none-eabi/5.4.1/../../../../arm-none-eabi/lib/armv6-m\libg_nano.a(lib_a-memset.o)
 .text          0x00000000        0x0 c:/program files (x86)/cypress/psoc creator/4.2/psoc creator/import/gnu/arm/5.4.1/bin/../lib/gcc/arm-none-eabi/5.4.1/armv6-m/crtend.o
 .data          0x00000000        0x0 c:/program files (x86)/cypress/psoc creator/4.2/psoc creator/import/gnu/arm/5.4.1/bin/../lib/gcc/arm-none-eabi/5.4.1/armv6-m/crtend.o
 .bss           0x00000000        0x0 c:/program files (x86)/cypress/psoc creator/4.2/psoc creator/import/gnu/arm/5.4.1/bin/../lib/gcc/arm-none-eabi/5.4.1/armv6-m/crtend.o
 .text          0x00000000        0x0 c:/program files (x86)/cypress/psoc creator/4.2/psoc creator/import/gnu/arm/5.4.1/bin/../lib/gcc/arm-none-eabi/5.4.1/armv6-m/crtn.o
 .data          0x00000000        0x0 c:/program files (x86)/cypress/psoc creator/4.2/psoc creator/import/gnu/arm/5.4.1/bin/../lib/gcc/arm-none-eabi/5.4.1/armv6-m/crtn.o
 .bss           0x00000000        0x0 c:/program files (x86)/cypress/psoc creator/4.2/psoc creator/import/gnu/arm/5.4.1/bin/../lib/gcc/arm-none-eabi/5.4.1/armv6-m/crtn.o

Memory Configuration

Name             Origin             Length             Attributes
rom              0x00000000         0x00008000         xr
ram              0x20000000         0x00001000         xrw
*default*        0x00000000         0xffffffff

Linker script and memory map

LOAD c:/program files (x86)/cypress/psoc creator/4.2/psoc creator/import/gnu/arm/5.4.1/bin/../lib/gcc/arm-none-eabi/5.4.1/armv6-m/crti.o
LOAD c:/program files (x86)/cypress/psoc creator/4.2/psoc creator/import/gnu/arm/5.4.1/bin/../lib/gcc/arm-none-eabi/5.4.1/armv6-m/crtbegin.o
LOAD c:/program files (x86)/cypress/psoc creator/4.2/psoc creator/import/gnu/arm/5.4.1/bin/../lib/gcc/arm-none-eabi/5.4.1/../../../../arm-none-eabi/lib/armv6-m/crt0.o
START GROUP
LOAD .\CortexM0\ARM_GCC_541\Debug\main.o
LOAD .\CortexM0\ARM_GCC_541\Debug\cyfitter_cfg.o
LOAD .\CortexM0\ARM_GCC_541\Debug\cymetadata.o
LOAD .\CortexM0\ARM_GCC_541\Debug\Cm0Start.o
LOAD .\CortexM0\ARM_GCC_541\Debug\UARTReverse.a
END GROUP
START GROUP
LOAD c:/program files (x86)/cypress/psoc creator/4.2/psoc creator/import/gnu/arm/5.4.1/bin/../lib/gcc/arm-none-eabi/5.4.1/armv6-m\libgcc.a
LOAD c:/program files (x86)/cypress/psoc creator/4.2/psoc creator/import/gnu/arm/5.4.1/bin/../lib/gcc/arm-none-eabi/5.4.1/../../../../arm-none-eabi/lib/armv6-m\libg_nano.a
LOAD c:/program files (x86)/cypress/psoc creator/4.2/psoc creator/import/gnu/arm/5.4.1/bin/../lib/gcc/arm-none-eabi/5.4.1/../../../../arm-none-eabi/lib/armv6-m\libc_nano.a
END GROUP
START GROUP
LOAD c:/program files (x86)/cypress/psoc creator/4.2/psoc creator/import/gnu/arm/5.4.1/bin/../lib/gcc/arm-none-eabi/5.4.1/armv6-m\libgcc.a
LOAD c:/program files (x86)/cypress/psoc creator/4.2/psoc creator/import/gnu/arm/5.4.1/bin/../lib/gcc/arm-none-eabi/5.4.1/../../../../arm-none-eabi/lib/armv6-m\libc_nano.a
END GROUP
LOAD c:/program files (x86)/cypress/psoc creator/4.2/psoc creator/import/gnu/arm/5.4.1/bin/../lib/gcc/arm-none-eabi/5.4.1/armv6-m/crtend.o
LOAD c:/program files (x86)/cypress/psoc creator/4.2/psoc creator/import/gnu/arm/5.4.1/bin/../lib/gcc/arm-none-eabi/5.4.1/armv6-m/crtn.o
START GROUP
LOAD c:/program files (x86)/cypress/psoc creator/4.2/psoc creator/import/gnu/arm/5.4.1/bin/../lib/gcc/arm-none-eabi/5.4.1/armv6-m\libgcc.a
LOAD c:/program files (x86)/cypress/psoc creator/4.2/psoc creator/import/gnu/arm/5.4.1/bin/../lib/gcc/arm-none-eabi/5.4.1/../../../../arm-none-eabi/lib/armv6-m\libc.a
LOAD c:/program files (x86)/cypress/psoc creator/4.2/psoc creator/import/gnu/arm/5.4.1/bin/../lib/gcc/arm-none-eabi/5.4.1/../../../../arm-none-eabi/lib/armv6-m\libnosys.a
END GROUP
                0x00000000                CY_APPL_ORIGIN = 0x0
                0x00000080                CY_FLASH_ROW_SIZE = 0x80
                0x00000001                CY_APPL_NUM = 0x1
                0x00000001                CY_APPL_MAX = 0x1
                0x00000040                CY_METADATA_SIZE = 0x40
                0x00000000                CY_APPL_LOADABLE = 0x0
                0x00000000                CY_CHECKSUM_EXCLUDE_SIZE = ALIGN (0x0, CY_FLASH_ROW_SIZE)
                0x00000000                CY_APP_FOR_STACK_AND_COPIER = 0x0
                [!provide]                PROVIDE (__cy_heap_start, _end)
                0x00000001                PROVIDE (__cy_region_num, ((__cy_regions_end - __cy_regions) / 0x10))
                0x20001000                PROVIDE (__cy_stack, (ORIGIN (ram) + LENGTH (ram)))
                [!provide]                PROVIDE (__cy_heap_end, (__cy_stack - 0x400))

.cybootloader   0x00000000        0x0
 *(.cybootloader)
                0x00000000                appl1_start = CY_APPL_ORIGIN?CY_APPL_ORIGIN:ALIGN (CY_FLASH_ROW_SIZE)
                0x00003f80                appl2_start = (appl1_start + ALIGN ((((LENGTH (rom) - appl1_start) - (0x2 * CY_FLASH_ROW_SIZE)) / 0x2), CY_FLASH_ROW_SIZE))
                0x00000000                appl_start = (CY_APPL_NUM == 0x1)?appl1_start:appl2_start
                0x00000001                cy_project_type_bootloader = (appl_start == 0x0)?0x1:0x0
                0x00000000                cy_project_type_app_for_stack_and_copier = (CY_APP_FOR_STACK_AND_COPIER == 0x1)?0x1:0x0

.text           0x00000000      0xda6
 CREATE_OBJECT_SYMBOLS
                0x00000000                PROVIDE (__cy_interrupt_vector, RomVectors)
 *(.romvectors)
 .romvectors    0x00000000       0x10 .\CortexM0\ARM_GCC_541\Debug\Cm0Start.o
                0x00000000                RomVectors
                0x00000001                ASSERT ((. != __cy_interrupt_vector), No interrupt vector)
                0x00000001                ASSERT (CY_APPL_ORIGIN?(SIZEOF (.cybootloader) <= CY_APPL_ORIGIN):0x1, Wrong image location)
                0x00000010                PROVIDE (__cy_reset, Reset)
 *(.text.Reset)
 .text.Reset    0x00000010        0x8 .\CortexM0\ARM_GCC_541\Debug\Cm0Start.o
                0x00000010                Reset
                0x00000001                ASSERT ((. != __cy_reset), No reset code)
 *(.psocinit)
 .psocinit      0x00000018      0x250 .\CortexM0\ARM_GCC_541\Debug\cyfitter_cfg.o
                0x000000a0                cyfitter_cfg
                0x00000268                . = MAX (., 0x100)
 *(.text .text.* .gnu.linkonce.t.*)
 .text          0x00000268       0x60 c:/program files (x86)/cypress/psoc creator/4.2/psoc creator/import/gnu/arm/5.4.1/bin/../lib/gcc/arm-none-eabi/5.4.1/armv6-m/crtbegin.o
 .text.getValidByte
                0x000002c8       0x30 .\CortexM0\ARM_GCC_541\Debug\main.o
                0x000002c8                getValidByte
 .text.read     0x000002f8       0x78 .\CortexM0\ARM_GCC_541\Debug\main.o
                0x000002f8                read
 .text.get_flag
                0x00000370       0x14 .\CortexM0\ARM_GCC_541\Debug\main.o
                0x00000370                get_flag
 .text.main     0x00000384      0x100 .\CortexM0\ARM_GCC_541\Debug\main.o
                0x00000384                main
 .text.CYMEMZERO
                0x00000484       0x20 .\CortexM0\ARM_GCC_541\Debug\cyfitter_cfg.o
 .text.CYCONFIGCPYCODE
                0x000004a4       0x20 .\CortexM0\ARM_GCC_541\Debug\cyfitter_cfg.o
 .text.cfg_write_bytes32
                0x000004c4       0x84 .\CortexM0\ARM_GCC_541\Debug\cyfitter_cfg.o
 .text.AnalogSetDefault
                0x00000548        0xc .\CortexM0\ARM_GCC_541\Debug\cyfitter_cfg.o
 .text.IntDefaultHandler
                0x00000554       0x14 .\CortexM0\ARM_GCC_541\Debug\Cm0Start.o
                0x00000554                IntDefaultHandler
 .text.Start_c  0x00000568       0x98 .\CortexM0\ARM_GCC_541\Debug\Cm0Start.o
                0x00000568                Start_c
 .text.initialize_psoc
                0x00000600       0x64 .\CortexM0\ARM_GCC_541\Debug\Cm0Start.o
                0x00000600                initialize_psoc
 .text.UART_Start
                0x00000664       0x24 .\CortexM0\ARM_GCC_541\Debug\UARTReverse.a(UART.o)
                0x00000664                UART_Start
 .text.UART_Init
                0x00000688       0x3c .\CortexM0\ARM_GCC_541\Debug\UARTReverse.a(UART.o)
                0x00000688                UART_Init
 .text.UART_Enable
                0x000006c4       0x64 .\CortexM0\ARM_GCC_541\Debug\UARTReverse.a(UART.o)
                0x000006c4                UART_Enable
 .text.UART_ReadRxData
                0x00000728       0x20 .\CortexM0\ARM_GCC_541\Debug\UARTReverse.a(UART.o)
                0x00000728                UART_ReadRxData
 .text.UART_ReadRxStatus
                0x00000748       0x24 .\CortexM0\ARM_GCC_541\Debug\UARTReverse.a(UART.o)
                0x00000748                UART_ReadRxStatus
 .text.UART_GetByte
                0x0000076c       0x24 .\CortexM0\ARM_GCC_541\Debug\UARTReverse.a(UART.o)
                0x0000076c                UART_GetByte
 .text.UART_GetRxBufferSize
                0x00000790       0x30 .\CortexM0\ARM_GCC_541\Debug\UARTReverse.a(UART.o)
                0x00000790                UART_GetRxBufferSize
 .text.UART_PutChar
                0x000007c0       0x34 .\CortexM0\ARM_GCC_541\Debug\UARTReverse.a(UART.o)
                0x000007c0                UART_PutChar
 .text.UART_PutString
                0x000007f4       0x58 .\CortexM0\ARM_GCC_541\Debug\UARTReverse.a(UART.o)
                0x000007f4                UART_PutString
 .text.UART_IntClock_Start
                0x0000084c       0x1c .\CortexM0\ARM_GCC_541\Debug\UARTReverse.a(UART_IntClock.o)
                0x0000084c                UART_IntClock_Start
 .text.CySysClkWriteImoFreq
                0x00000868      0x1e4 .\CortexM0\ARM_GCC_541\Debug\UARTReverse.a(CyLib.o)
                0x00000868                CySysClkWriteImoFreq
 .text.CyIntSetVector
                0x00000a4c       0x4c .\CortexM0\ARM_GCC_541\Debug\UARTReverse.a(CyLib.o)
                0x00000a4c                CyIntSetVector
 .text.CyIntEnable
                0x00000a98       0x2c .\CortexM0\ARM_GCC_541\Debug\UARTReverse.a(CyLib.o)
                0x00000a98                CyIntEnable
 .text.CyHalt   0x00000ac4       0x18 .\CortexM0\ARM_GCC_541\Debug\UARTReverse.a(CyLib.o)
                0x00000ac4                CyHalt
 .text.CyDelayUs
                0x00000adc       0x28 .\CortexM0\ARM_GCC_541\Debug\UARTReverse.a(CyLib.o)
                0x00000adc                CyDelayUs
 .text.CySysWdtLock
                0x00000b04       0x34 .\CortexM0\ARM_GCC_541\Debug\UARTReverse.a(CyLFClk.o)
                0x00000b04                CySysWdtLock
 .text.CySysWdtLocked
                0x00000b38       0x20 .\CortexM0\ARM_GCC_541\Debug\UARTReverse.a(CyLFClk.o)
 .text.CySysWdtUnlock
                0x00000b58       0x50 .\CortexM0\ARM_GCC_541\Debug\UARTReverse.a(CyLFClk.o)
                0x00000b58                CySysWdtUnlock
 .text.CySysWdtClearInterrupt
                0x00000ba8       0x70 .\CortexM0\ARM_GCC_541\Debug\UARTReverse.a(CyLFClk.o)
                0x00000ba8                CySysWdtClearInterrupt
 .text.CySysWdtIsr
                0x00000c18       0xec .\CortexM0\ARM_GCC_541\Debug\UARTReverse.a(CyLFClk.o)
                0x00000c18                CySysWdtIsr
 *fill*         0x00000d04        0x4 
 .text          0x00000d08       0x24 .\CortexM0\ARM_GCC_541\Debug\UARTReverse.a(CyBootAsmGnu.o)
                0x00000d08                CyDelayCycles
                0x00000d1c                CyEnterCriticalSection
                0x00000d24                CyExitCriticalSection
 .text.__errno  0x00000d2c        0xc c:/program files (x86)/cypress/psoc creator/4.2/psoc creator/import/gnu/arm/5.4.1/bin/../lib/gcc/arm-none-eabi/5.4.1/../../../../arm-none-eabi/lib/armv6-m\libg_nano.a(lib_a-errno.o)
                0x00000d2c                __errno
 .text.__libc_init_array
                0x00000d38       0x4c c:/program files (x86)/cypress/psoc creator/4.2/psoc creator/import/gnu/arm/5.4.1/bin/../lib/gcc/arm-none-eabi/5.4.1/../../../../arm-none-eabi/lib/armv6-m\libg_nano.a(lib_a-init.o)
                0x00000d38                __libc_init_array
 .text.memcpy   0x00000d84       0x12 c:/program files (x86)/cypress/psoc creator/4.2/psoc creator/import/gnu/arm/5.4.1/bin/../lib/gcc/arm-none-eabi/5.4.1/../../../../arm-none-eabi/lib/armv6-m\libg_nano.a(lib_a-memcpy-stub.o)
                0x00000d84                memcpy
 .text.memset   0x00000d96       0x10 c:/program files (x86)/cypress/psoc creator/4.2/psoc creator/import/gnu/arm/5.4.1/bin/../lib/gcc/arm-none-eabi/5.4.1/../../../../arm-none-eabi/lib/armv6-m\libg_nano.a(lib_a-memset.o)
                0x00000d96                memset
 *(.plt)
 *(.gnu.warning)
 *(.glue_7t)
 .glue_7t       0x00000da6        0x0 linker stubs
 *(.glue_7)
 .glue_7        0x00000da6        0x0 linker stubs
 *(.vfp11_veneer)
 .vfp11_veneer  0x00000da6        0x0 linker stubs
 *(.bootloader)
 *(.ARM.extab* .gnu.linkonce.armextab.*)
 *(.gcc_except_table)

.v4_bx          0x00000da8        0x0
 .v4_bx         0x00000da8        0x0 linker stubs

.iplt           0x00000da8        0x0
 .iplt          0x00000da8        0x0 c:/program files (x86)/cypress/psoc creator/4.2/psoc creator/import/gnu/arm/5.4.1/bin/../lib/gcc/arm-none-eabi/5.4.1/armv6-m/crtbegin.o

.eh_frame_hdr
 *(.eh_frame_hdr)

.eh_frame       0x00000da8        0x4
 *(.eh_frame)
 .eh_frame      0x00000da8        0x0 c:/program files (x86)/cypress/psoc creator/4.2/psoc creator/import/gnu/arm/5.4.1/bin/../lib/gcc/arm-none-eabi/5.4.1/armv6-m/crtbegin.o
 .eh_frame      0x00000da8        0x4 c:/program files (x86)/cypress/psoc creator/4.2/psoc creator/import/gnu/arm/5.4.1/bin/../lib/gcc/arm-none-eabi/5.4.1/armv6-m/crtend.o
                [!provide]                PROVIDE (__exidx_start, .)

.ARM.exidx
 *(.ARM.exidx* .gnu.linkonce.armexidx.*)
                0x00000dac                __exidx_end = .

.rodata         0x00000dac      0x34c
 *(.rodata .rodata.* .gnu.linkonce.r.*)
 .rodata        0x00000dac       0x12 .\CortexM0\ARM_GCC_541\Debug\main.o
 *fill*         0x00000dbe        0x2 
 .rodata        0x00000dc0      0x2d4 .\CortexM0\ARM_GCC_541\Debug\cyfitter_cfg.o
 .rodata        0x00001094       0x2e .\CortexM0\ARM_GCC_541\Debug\UARTReverse.a(CyLib.o)
                0x00001094                cyImoFreqMhz2Reg
 .rodata.str1.1
                0x000010c2        0x2 c:/program files (x86)/cypress/psoc creator/4.2/psoc creator/import/gnu/arm/5.4.1/bin/../lib/gcc/arm-none-eabi/5.4.1/../../../../arm-none-eabi/lib/armv6-m\libg_nano.a(lib_a-impure.o)
                0x000010c4                . = ALIGN (0x4)
 *(.init)
 .init          0x000010c4        0x4 c:/program files (x86)/cypress/psoc creator/4.2/psoc creator/import/gnu/arm/5.4.1/bin/../lib/gcc/arm-none-eabi/5.4.1/armv6-m/crti.o
                0x000010c4                _init
 .init          0x000010c8        0x8 c:/program files (x86)/cypress/psoc creator/4.2/psoc creator/import/gnu/arm/5.4.1/bin/../lib/gcc/arm-none-eabi/5.4.1/armv6-m/crtn.o
                0x000010d0                . = ALIGN (0x4)
                0x000010d0                __preinit_array_start = .
 *(.preinit_array)
                0x000010d0                __preinit_array_end = .
                0x000010d0                . = ALIGN (0x4)
                0x000010d0                __init_array_start = .
 *(SORT(.init_array.*))
 *(.init_array)
 .init_array    0x000010d0        0x4 c:/program files (x86)/cypress/psoc creator/4.2/psoc creator/import/gnu/arm/5.4.1/bin/../lib/gcc/arm-none-eabi/5.4.1/armv6-m/crtbegin.o
 .init_array    0x000010d4        0x4 .\CortexM0\ARM_GCC_541\Debug\Cm0Start.o
                0x000010d8                __init_array_end = .
                0x000010d8                . = ALIGN (0x4)
 *(.fini)
 .fini          0x000010d8        0x4 c:/program files (x86)/cypress/psoc creator/4.2/psoc creator/import/gnu/arm/5.4.1/bin/../lib/gcc/arm-none-eabi/5.4.1/armv6-m/crti.o
                0x000010d8                _fini
 .fini          0x000010dc        0x8 c:/program files (x86)/cypress/psoc creator/4.2/psoc creator/import/gnu/arm/5.4.1/bin/../lib/gcc/arm-none-eabi/5.4.1/armv6-m/crtn.o
                0x000010e4                . = ALIGN (0x4)
                0x000010e4                __fini_array_start = .
 *(.fini_array)
 .fini_array    0x000010e4        0x4 c:/program files (x86)/cypress/psoc creator/4.2/psoc creator/import/gnu/arm/5.4.1/bin/../lib/gcc/arm-none-eabi/5.4.1/armv6-m/crtbegin.o
 *(SORT(.fini_array.*))
                0x000010e8                __fini_array_end = .
                0x000010e8                . = ALIGN (0x4)
 *crtbegin.o(.ctors)
 *(EXCLUDE_FILE(*crtend.o) .ctors)
 *(SORT(.ctors.*))
 *crtend.o(.ctors)
                0x000010e8                . = ALIGN (0x4)
 *crtbegin.o(.dtors)
 *(EXCLUDE_FILE(*crtend.o) .dtors)
 *(SORT(.dtors.*))
 *crtend.o(.dtors)
                0x000010e8                . = ALIGN (0x4)
                0x000010e8                __cy_regions = .
                0x000010e8        0x4 LONG 0x10f8 __cy_region_init_ram
                0x000010ec        0x4 LONG 0x200000c8 __cy_region_start_data
                0x000010f0        0x4 LONG 0x80 __cy_region_init_size_ram
                0x000010f4        0x4 LONG 0x40 __cy_region_zero_size_ram
                0x000010f8                __cy_regions_end = .
                0x000010f8                . = ALIGN (0x8)
                0x000010f8                _etext = .

.cy_checksum_exclude
                0x000010f8        0x0
 *(.cy_checksum_exclude)

.ramvectors     0x20000000       0xc0
                0x20000000                __cy_region_start_ram = .
 *(.ramvectors)
 .ramvectors    0x20000000       0xc0 .\CortexM0\ARM_GCC_541\Debug\Cm0Start.o
                0x20000000                CyRamVectors

.noinit         0x200000c0        0x4
 *(.noinit)
 .noinit        0x200000c0        0x4 .\CortexM0\ARM_GCC_541\Debug\Cm0Start.o

.data           0x200000c8       0x80 load address 0x000010f8
                0x200000c8                __cy_region_start_data = .
 *(.jcr)
 .jcr           0x200000c8        0x0 c:/program files (x86)/cypress/psoc creator/4.2/psoc creator/import/gnu/arm/5.4.1/bin/../lib/gcc/arm-none-eabi/5.4.1/armv6-m/crtbegin.o
 .jcr           0x200000c8        0x4 c:/program files (x86)/cypress/psoc creator/4.2/psoc creator/import/gnu/arm/5.4.1/bin/../lib/gcc/arm-none-eabi/5.4.1/armv6-m/crtend.o
 *(.got.plt)
 *(.got)
 *(.shdata)
 *(.data .data.* .gnu.linkonce.d.*)
 .data          0x200000cc       0x14 .\CortexM0\ARM_GCC_541\Debug\UARTReverse.a(CyLib.o)
                0x200000cc                cydelayFreqHz
                0x200000d0                cydelayFreqKhz
                0x200000d4                cydelayFreqMhz
                0x200000d8                cydelay32kMs
                0x200000dc                CySysClkPumpConfig
 .data          0x200000e0        0x4 .\CortexM0\ARM_GCC_541\Debug\UARTReverse.a(CyLFClk.o)
 .data.impure_data
                0x200000e4       0x60 c:/program files (x86)/cypress/psoc creator/4.2/psoc creator/import/gnu/arm/5.4.1/bin/../lib/gcc/arm-none-eabi/5.4.1/../../../../arm-none-eabi/lib/armv6-m\libg_nano.a(lib_a-impure.o)
 .data._impure_ptr
                0x20000144        0x4 c:/program files (x86)/cypress/psoc creator/4.2/psoc creator/import/gnu/arm/5.4.1/bin/../lib/gcc/arm-none-eabi/5.4.1/../../../../arm-none-eabi/lib/armv6-m\libg_nano.a(lib_a-impure.o)
                0x20000144                _impure_ptr
                0x20000148                . = ALIGN (0x8)
 *(.ram)
                0x20000148                _edata = .

.igot.plt       0x20000148        0x0 load address 0x00001178
 .igot.plt      0x20000148        0x0 c:/program files (x86)/cypress/psoc creator/4.2/psoc creator/import/gnu/arm/5.4.1/bin/../lib/gcc/arm-none-eabi/5.4.1/armv6-m/crtbegin.o

.bss            0x20000148       0x40 load address 0x00001178
                0x20000148                PROVIDE (__bss_start__, .)
 *(.shbss)
 *(.bss .bss.* .gnu.linkonce.b.*)
 .bss           0x20000148       0x1c c:/program files (x86)/cypress/psoc creator/4.2/psoc creator/import/gnu/arm/5.4.1/bin/../lib/gcc/arm-none-eabi/5.4.1/armv6-m/crtbegin.o
 .bss           0x20000164        0x2 .\CortexM0\ARM_GCC_541\Debug\UARTReverse.a(UART.o)
                0x20000164                UART_initVar
 *fill*         0x20000166        0x2 
 .bss           0x20000168       0x20 .\CortexM0\ARM_GCC_541\Debug\UARTReverse.a(CyLFClk.o)
 *(COMMON)
                0x20000188                . = ALIGN (0x8)
 *(.ram.b)
                0x20000188                _end = .
                0x20000188                __end = .
                0x20000188                PROVIDE (end, .)
                0x20000188                PROVIDE (__bss_end__, .)
                0x000010f8                __cy_region_init_ram = LOADADDR (.data)
                0x00000080                __cy_region_init_size_ram = (_edata - ADDR (.data))
                0x00000040                __cy_region_zero_size_ram = (_end - _edata)

.heap           0x20000188       0x80 load address 0x00001178
                0x20000188                . = _end
                0x20000208                . = (. + 0x80)
 *fill*         0x20000188       0x80 
                0x20000208                __cy_heap_limit = .

.stack          0x20000c00      0x400
                0x20000c00                __cy_stack_limit = .
                0x20001000                . = (. + 0x400)
 *fill*         0x20000c00      0x400 
                0x00000001                ASSERT ((__cy_stack_limit >= __cy_heap_limit), region RAM overflowed with stack)
                0x00000000                cy_checksum_exclude_size = (CY_APPL_LOADABLE == 0x1)?SIZEOF (.cy_checksum_exclude):0x0
                0x00000001                ASSERT ((cy_checksum_exclude_size <= CY_CHECKSUM_EXCLUDE_SIZE), CY_BOOT: Section .cy_checksum_exclude size exceedes specified limit.)
                0x00007fc0                cyloadermeta_start = (cy_project_type_bootloader || cy_project_type_app_for_stack_and_copier)?(LENGTH (rom) - CY_METADATA_SIZE):0xf0000000

.cyloadermeta
 *(.cyloadermeta)
                0x00007fc0                cyloadablemeta_start = cy_project_type_app_for_stack_and_copier?((LENGTH (rom) - CY_FLASH_ROW_SIZE) - CY_METADATA_SIZE):((LENGTH (rom) - (CY_FLASH_ROW_SIZE * (CY_APPL_NUM - 0x1))) - CY_METADATA_SIZE)

.cyloadablemeta
 *(.cyloadablemeta)

.cyflashprotect
                0x90400000       0x20
 *(.cyflashprotect)
 .cyflashprotect
                0x90400000       0x20 .\CortexM0\ARM_GCC_541\Debug\cymetadata.o
                0x90400000                cy_meta_flashprotect

.cymeta         0x90500000        0xc
 *(.cymeta)
 .cymeta        0x90500000        0xc .\CortexM0\ARM_GCC_541\Debug\cymetadata.o
                0x90500000                cy_metadata

.cychipprotect  0x90600000        0x1
 *(.cychipprotect)
 .cychipprotect
                0x90600000        0x1 .\CortexM0\ARM_GCC_541\Debug\cymetadata.o
                0x90600000                cy_meta_chipprotect

.rel.dyn        0x00001178        0x0 load address 0x90600004
 .rel.iplt      0x00001178        0x0 c:/program files (x86)/cypress/psoc creator/4.2/psoc creator/import/gnu/arm/5.4.1/bin/../lib/gcc/arm-none-eabi/5.4.1/armv6-m/crtbegin.o

.stab
 *(.stab)

.stabstr
 *(.stabstr)

.debug
 *(.debug)

.line
 *(.line)

.debug_srcinfo
 *(.debug_srcinfo)

.debug_sfnames
 *(.debug_sfnames)

.debug_aranges  0x00000000      0x4f0
 *(.debug_aranges)
 .debug_aranges
                0x00000000       0x38 .\CortexM0\ARM_GCC_541\Debug\main.o
 .debug_aranges
                0x00000038       0x50 .\CortexM0\ARM_GCC_541\Debug\cyfitter_cfg.o
 .debug_aranges
                0x00000088       0x18 .\CortexM0\ARM_GCC_541\Debug\cymetadata.o
 .debug_aranges
                0x000000a0       0x48 .\CortexM0\ARM_GCC_541\Debug\Cm0Start.o
 .debug_aranges
                0x000000e8       0xf0 .\CortexM0\ARM_GCC_541\Debug\UARTReverse.a(UART.o)
 .debug_aranges
                0x000001d8       0x40 .\CortexM0\ARM_GCC_541\Debug\UARTReverse.a(UART_IntClock.o)
 .debug_aranges
                0x00000218      0x180 .\CortexM0\ARM_GCC_541\Debug\UARTReverse.a(CyLib.o)
 .debug_aranges
                0x00000398      0x138 .\CortexM0\ARM_GCC_541\Debug\UARTReverse.a(CyLFClk.o)
 .debug_aranges
                0x000004d0       0x20 .\CortexM0\ARM_GCC_541\Debug\UARTReverse.a(CyBootAsmGnu.o)

.debug_pubnames
 *(.debug_pubnames)

.debug_info     0x00000000     0x222b
 *(.debug_info .gnu.linkonce.wi.*)
 .debug_info    0x00000000      0x1d1 .\CortexM0\ARM_GCC_541\Debug\main.o
 .debug_info    0x000001d1      0x454 .\CortexM0\ARM_GCC_541\Debug\cyfitter_cfg.o
 .debug_info    0x00000625       0xf8 .\CortexM0\ARM_GCC_541\Debug\cymetadata.o
 .debug_info    0x0000071d      0x312 .\CortexM0\ARM_GCC_541\Debug\Cm0Start.o
 .debug_info    0x00000a2f      0x50a .\CortexM0\ARM_GCC_541\Debug\UARTReverse.a(UART.o)
 .debug_info    0x00000f39      0x150 .\CortexM0\ARM_GCC_541\Debug\UARTReverse.a(UART_IntClock.o)
 .debug_info    0x00001089      0x8e0 .\CortexM0\ARM_GCC_541\Debug\UARTReverse.a(CyLib.o)
 .debug_info    0x00001969      0x81f .\CortexM0\ARM_GCC_541\Debug\UARTReverse.a(CyLFClk.o)
 .debug_info    0x00002188       0xa3 .\CortexM0\ARM_GCC_541\Debug\UARTReverse.a(CyBootAsmGnu.o)

.debug_abbrev   0x00000000      0xa63
 *(.debug_abbrev)
 .debug_abbrev  0x00000000       0xeb .\CortexM0\ARM_GCC_541\Debug\main.o
 .debug_abbrev  0x000000eb      0x1ad .\CortexM0\ARM_GCC_541\Debug\cyfitter_cfg.o
 .debug_abbrev  0x00000298       0x5d .\CortexM0\ARM_GCC_541\Debug\cymetadata.o
 .debug_abbrev  0x000002f5      0x1c8 .\CortexM0\ARM_GCC_541\Debug\Cm0Start.o
 .debug_abbrev  0x000004bd      0x163 .\CortexM0\ARM_GCC_541\Debug\UARTReverse.a(UART.o)
 .debug_abbrev  0x00000620       0xa8 .\CortexM0\ARM_GCC_541\Debug\UARTReverse.a(UART_IntClock.o)
 .debug_abbrev  0x000006c8      0x1a7 .\CortexM0\ARM_GCC_541\Debug\UARTReverse.a(CyLib.o)
 .debug_abbrev  0x0000086f      0x1e0 .\CortexM0\ARM_GCC_541\Debug\UARTReverse.a(CyLFClk.o)
 .debug_abbrev  0x00000a4f       0x14 .\CortexM0\ARM_GCC_541\Debug\UARTReverse.a(CyBootAsmGnu.o)

.debug_line     0x00000000     0x1312
 *(.debug_line)
 .debug_line    0x00000000       0xc8 .\CortexM0\ARM_GCC_541\Debug\main.o
 .debug_line    0x000000c8      0x1bc .\CortexM0\ARM_GCC_541\Debug\cyfitter_cfg.o
 .debug_line    0x00000284      0x141 .\CortexM0\ARM_GCC_541\Debug\cymetadata.o
 .debug_line    0x000003c5      0x1cf .\CortexM0\ARM_GCC_541\Debug\Cm0Start.o
 .debug_line    0x00000594      0x2e2 .\CortexM0\ARM_GCC_541\Debug\UARTReverse.a(UART.o)
 .debug_line    0x00000876       0xb4 .\CortexM0\ARM_GCC_541\Debug\UARTReverse.a(UART_IntClock.o)
 .debug_line    0x0000092a      0x47b .\CortexM0\ARM_GCC_541\Debug\UARTReverse.a(CyLib.o)
 .debug_line    0x00000da5      0x504 .\CortexM0\ARM_GCC_541\Debug\UARTReverse.a(CyLFClk.o)
 .debug_line    0x000012a9       0x69 .\CortexM0\ARM_GCC_541\Debug\UARTReverse.a(CyBootAsmGnu.o)

.debug_frame    0x00000000     0x1140
 *(.debug_frame)
 .debug_frame   0x00000000       0x98 .\CortexM0\ARM_GCC_541\Debug\main.o
 .debug_frame   0x00000098       0xe8 .\CortexM0\ARM_GCC_541\Debug\cyfitter_cfg.o
 .debug_frame   0x00000180       0xc8 .\CortexM0\ARM_GCC_541\Debug\Cm0Start.o
 .debug_frame   0x00000248      0x374 .\CortexM0\ARM_GCC_541\Debug\UARTReverse.a(UART.o)
 .debug_frame   0x000005bc       0xa0 .\CortexM0\ARM_GCC_541\Debug\UARTReverse.a(UART_IntClock.o)
 .debug_frame   0x0000065c      0x588 .\CortexM0\ARM_GCC_541\Debug\UARTReverse.a(CyLib.o)
 .debug_frame   0x00000be4      0x480 .\CortexM0\ARM_GCC_541\Debug\UARTReverse.a(CyLFClk.o)
 .debug_frame   0x00001064       0x20 c:/program files (x86)/cypress/psoc creator/4.2/psoc creator/import/gnu/arm/5.4.1/bin/../lib/gcc/arm-none-eabi/5.4.1/armv6-m\libgcc.a(_udivsi3.o)
 .debug_frame   0x00001084       0x20 c:/program files (x86)/cypress/psoc creator/4.2/psoc creator/import/gnu/arm/5.4.1/bin/../lib/gcc/arm-none-eabi/5.4.1/../../../../arm-none-eabi/lib/armv6-m\libg_nano.a(lib_a-errno.o)
 .debug_frame   0x000010a4       0x28 c:/program files (x86)/cypress/psoc creator/4.2/psoc creator/import/gnu/arm/5.4.1/bin/../lib/gcc/arm-none-eabi/5.4.1/../../../../arm-none-eabi/lib/armv6-m\libg_nano.a(lib_a-exit.o)
 .debug_frame   0x000010cc       0x2c c:/program files (x86)/cypress/psoc creator/4.2/psoc creator/import/gnu/arm/5.4.1/bin/../lib/gcc/arm-none-eabi/5.4.1/../../../../arm-none-eabi/lib/armv6-m\libg_nano.a(lib_a-init.o)
 .debug_frame   0x000010f8       0x28 c:/program files (x86)/cypress/psoc creator/4.2/psoc creator/import/gnu/arm/5.4.1/bin/../lib/gcc/arm-none-eabi/5.4.1/../../../../arm-none-eabi/lib/armv6-m\libg_nano.a(lib_a-memcpy-stub.o)
 .debug_frame   0x00001120       0x20 c:/program files (x86)/cypress/psoc creator/4.2/psoc creator/import/gnu/arm/5.4.1/bin/../lib/gcc/arm-none-eabi/5.4.1/../../../../arm-none-eabi/lib/armv6-m\libg_nano.a(lib_a-memset.o)

.debug_str      0x00000000     0x120f
 *(.debug_str)
 .debug_str     0x00000000      0x1c1 .\CortexM0\ARM_GCC_541\Debug\main.o
                                0x201 (size before relaxing)
 .debug_str     0x000001c1      0x16f .\CortexM0\ARM_GCC_541\Debug\cyfitter_cfg.o
                                0x326 (size before relaxing)
 .debug_str     0x00000330       0x63 .\CortexM0\ARM_GCC_541\Debug\cymetadata.o
                                0x1db (size before relaxing)
 .debug_str     0x00000393      0x119 .\CortexM0\ARM_GCC_541\Debug\Cm0Start.o
                                0x2e1 (size before relaxing)
 .debug_str     0x000004ac      0x280 .\CortexM0\ARM_GCC_541\Debug\UARTReverse.a(UART.o)
                                0x434 (size before relaxing)
 .debug_str     0x0000072c       0xed .\CortexM0\ARM_GCC_541\Debug\UARTReverse.a(UART_IntClock.o)
                                0x280 (size before relaxing)
 .debug_str     0x00000819      0x4c6 .\CortexM0\ARM_GCC_541\Debug\UARTReverse.a(CyLib.o)
                                0x68e (size before relaxing)
 .debug_str     0x00000cdf      0x530 .\CortexM0\ARM_GCC_541\Debug\UARTReverse.a(CyLFClk.o)
                                0x712 (size before relaxing)

.debug_loc
 *(.debug_loc)

.debug_macinfo
 *(.debug_macinfo)

.debug_ranges   0x00000000      0x460
 *(.debug_ranges)
 .debug_ranges  0x00000000       0x40 .\CortexM0\ARM_GCC_541\Debug\main.o
 .debug_ranges  0x00000040       0x40 .\CortexM0\ARM_GCC_541\Debug\cyfitter_cfg.o
 .debug_ranges  0x00000080       0x38 .\CortexM0\ARM_GCC_541\Debug\Cm0Start.o
 .debug_ranges  0x000000b8       0xe0 .\CortexM0\ARM_GCC_541\Debug\UARTReverse.a(UART.o)
 .debug_ranges  0x00000198       0x30 .\CortexM0\ARM_GCC_541\Debug\UARTReverse.a(UART_IntClock.o)
 .debug_ranges  0x000001c8      0x170 .\CortexM0\ARM_GCC_541\Debug\UARTReverse.a(CyLib.o)
 .debug_ranges  0x00000338      0x128 .\CortexM0\ARM_GCC_541\Debug\UARTReverse.a(CyLFClk.o)

.comment        0x00000000       0x6e
 .comment       0x00000000       0x6e .\CortexM0\ARM_GCC_541\Debug\main.o
                                 0x6f (size before relaxing)
 .comment       0x0000006e       0x6f .\CortexM0\ARM_GCC_541\Debug\cyfitter_cfg.o
 .comment       0x0000006e       0x6f .\CortexM0\ARM_GCC_541\Debug\cymetadata.o
 .comment       0x0000006e       0x6f .\CortexM0\ARM_GCC_541\Debug\Cm0Start.o
 .comment       0x0000006e       0x6f .\CortexM0\ARM_GCC_541\Debug\UARTReverse.a(UART.o)
 .comment       0x0000006e       0x6f .\CortexM0\ARM_GCC_541\Debug\UARTReverse.a(UART_IntClock.o)
 .comment       0x0000006e       0x6f .\CortexM0\ARM_GCC_541\Debug\UARTReverse.a(CyLib.o)
 .comment       0x0000006e       0x6f .\CortexM0\ARM_GCC_541\Debug\UARTReverse.a(CyLFClk.o)

.debug_weaknames
 *(.debug_weaknames)

.debug_funcnames
 *(.debug_funcnames)

.debug_typenames
 *(.debug_typenames)

.debug_varnames
 *(.debug_varnames)

.note.gnu.arm.ident
 *(.note.gnu.arm.ident)

.ARM.attributes
                0x00000000       0x28
 *(.ARM.attributes)
 .ARM.attributes
                0x00000000       0x1e c:/program files (x86)/cypress/psoc creator/4.2/psoc creator/import/gnu/arm/5.4.1/bin/../lib/gcc/arm-none-eabi/5.4.1/armv6-m/crti.o
 .ARM.attributes
                0x0000001e       0x2c c:/program files (x86)/cypress/psoc creator/4.2/psoc creator/import/gnu/arm/5.4.1/bin/../lib/gcc/arm-none-eabi/5.4.1/armv6-m/crtbegin.o
 .ARM.attributes
                0x0000004a       0x1b c:/program files (x86)/cypress/psoc creator/4.2/psoc creator/import/gnu/arm/5.4.1/bin/../lib/gcc/arm-none-eabi/5.4.1/../../../../arm-none-eabi/lib/armv6-m/crt0.o
 .ARM.attributes
                0x00000065       0x31 .\CortexM0\ARM_GCC_541\Debug\main.o
 .ARM.attributes
                0x00000096       0x31 .\CortexM0\ARM_GCC_541\Debug\cyfitter_cfg.o
 .ARM.attributes
                0x000000c7       0x31 .\CortexM0\ARM_GCC_541\Debug\cymetadata.o
 .ARM.attributes
                0x000000f8       0x31 .\CortexM0\ARM_GCC_541\Debug\Cm0Start.o
 .ARM.attributes
                0x00000129       0x31 .\CortexM0\ARM_GCC_541\Debug\UARTReverse.a(UART.o)
 .ARM.attributes
                0x0000015a       0x31 .\CortexM0\ARM_GCC_541\Debug\UARTReverse.a(UART_IntClock.o)
 .ARM.attributes
                0x0000018b       0x31 .\CortexM0\ARM_GCC_541\Debug\UARTReverse.a(CyLib.o)
 .ARM.attributes
                0x000001bc       0x31 .\CortexM0\ARM_GCC_541\Debug\UARTReverse.a(CyLFClk.o)
 .ARM.attributes
                0x000001ed       0x21 .\CortexM0\ARM_GCC_541\Debug\UARTReverse.a(CyBootAsmGnu.o)
 .ARM.attributes
                0x0000020e       0x1e c:/program files (x86)/cypress/psoc creator/4.2/psoc creator/import/gnu/arm/5.4.1/bin/../lib/gcc/arm-none-eabi/5.4.1/armv6-m\libgcc.a(_udivsi3.o)
 .ARM.attributes
                0x0000022c       0x1e c:/program files (x86)/cypress/psoc creator/4.2/psoc creator/import/gnu/arm/5.4.1/bin/../lib/gcc/arm-none-eabi/5.4.1/armv6-m\libgcc.a(_dvmd_tls.o)
 .ARM.attributes
                0x0000024a       0x2c c:/program files (x86)/cypress/psoc creator/4.2/psoc creator/import/gnu/arm/5.4.1/bin/../lib/gcc/arm-none-eabi/5.4.1/../../../../arm-none-eabi/lib/armv6-m\libg_nano.a(lib_a-errno.o)
 .ARM.attributes
                0x00000276       0x2c c:/program files (x86)/cypress/psoc creator/4.2/psoc creator/import/gnu/arm/5.4.1/bin/../lib/gcc/arm-none-eabi/5.4.1/../../../../arm-none-eabi/lib/armv6-m\libg_nano.a(lib_a-exit.o)
 .ARM.attributes
                0x000002a2       0x2c c:/program files (x86)/cypress/psoc creator/4.2/psoc creator/import/gnu/arm/5.4.1/bin/../lib/gcc/arm-none-eabi/5.4.1/../../../../arm-none-eabi/lib/armv6-m\libg_nano.a(lib_a-impure.o)
 .ARM.attributes
                0x000002ce       0x2c c:/program files (x86)/cypress/psoc creator/4.2/psoc creator/import/gnu/arm/5.4.1/bin/../lib/gcc/arm-none-eabi/5.4.1/../../../../arm-none-eabi/lib/armv6-m\libg_nano.a(lib_a-init.o)
 .ARM.attributes
                0x000002fa       0x2c c:/program files (x86)/cypress/psoc creator/4.2/psoc creator/import/gnu/arm/5.4.1/bin/../lib/gcc/arm-none-eabi/5.4.1/../../../../arm-none-eabi/lib/armv6-m\libg_nano.a(lib_a-memcpy-stub.o)
 .ARM.attributes
                0x00000326       0x2c c:/program files (x86)/cypress/psoc creator/4.2/psoc creator/import/gnu/arm/5.4.1/bin/../lib/gcc/arm-none-eabi/5.4.1/../../../../arm-none-eabi/lib/armv6-m\libg_nano.a(lib_a-memset.o)
 .ARM.attributes
                0x00000352       0x2c c:/program files (x86)/cypress/psoc creator/4.2/psoc creator/import/gnu/arm/5.4.1/bin/../lib/gcc/arm-none-eabi/5.4.1/armv6-m/crtend.o
 .ARM.attributes
                0x0000037e       0x1e c:/program files (x86)/cypress/psoc creator/4.2/psoc creator/import/gnu/arm/5.4.1/bin/../lib/gcc/arm-none-eabi/5.4.1/armv6-m/crtn.o

/DISCARD/
 *(.note.GNU-stack)
OUTPUT(C:\Users\Larry\Documents\PSoC Creator\bwsi\UARTReverse\Workspace01\UARTReverse.cydsn\CortexM0\ARM_GCC_541\Debug\UARTReverse.elf elf32-littlearm)
